// Jest Snapshot v1, https://goo.gl/fbAQLP

exports[`Month component renders without error 1`] = `
Array [
  <div
    className="css-1a7ck8"
  >
    <div
      className="css-1vew5v7"
    >
      Su
    </div>
    <div
      className="css-1vew5v7"
    >
      Mo
    </div>
    <div
      className="css-1vew5v7"
    >
      Tu
    </div>
    <div
      className="css-1vew5v7"
    >
      We
    </div>
    <div
      className="css-1vew5v7"
    >
      Th
    </div>
    <div
      className="css-1vew5v7"
    >
      Fr
    </div>
    <div
      className="css-1vew5v7"
    >
      Sa
    </div>
  </div>,
  <div
    className="css-121007j"
  >
    <div
      className="css-kmfv35"
    >
      <div
        className="css-1vew5v7"
      >
        <div
          className="css-1i9y2d3"
        >
          1
        </div>
      </div>
      <div
        className="css-1vew5v7"
      >
        <div
          className="css-1i9y2d3"
        >
          2
        </div>
      </div>
      <div
        className="css-1vew5v7"
      >
        <div
          className="css-1i9y2d3"
        >
          3
        </div>
      </div>
      <div
        className="css-1vew5v7"
      >
        <div
          className="css-1i9y2d3"
        >
          4
        </div>
      </div>
      <div
        className="css-1vew5v7"
      >
        <div
          className="css-1i9y2d3"
        >
          5
        </div>
      </div>
    </div>
  </div>,
]
`;
